88888888888
88111111188
81811111818
81181118118
81118181118
81111811118
81118181118
81181118118
81811111818
88111111188
88888888888
Result: 1
