A strong smell of petroleum prevails throughout
47
Result: 46
