0|main|function|function () returning int
2|i1|variable|int
2|i2|variable|int
2|i3|variable|unsigned int
