0|main|function|function () returning int
2|s|variable|int
2|u|variable|unsigned int
