0|main|function|function () returning int
2|iul|variable|unsigned long
2|cs|variable|char
2|isu|variable|unsigned short
