0|main|function|function () returning int
2|s1|variable|short
2|s2|variable|short
2|s3|variable|unsigned short
