0|main|function|function () returning int
2|si|variable|short
2|li|variable|long
