0|main|function|function () returning int
2|c1|variable|char
2|c2|variable|char
2|c3|variable|unsigned char
