0|main|function|function () returning int
2|x|variable|int
