0|sum|function|function () returning int
1|arr|variable|array of 0 x int
1|n|variable|int
0|main|function|function () returning int
2|a|variable|array of 5 x int
2|tot|variable|int
