0|main|function|function () returning int
2|x|variable|int
2|p|variable|pointer to int
2|q|variable|pointer to volatile int
