0|main|function|function () returning int
2|a|variable|int
2|b|variable|int
