0|sum|function|function () returning int
1|a|variable|int
1|b|variable|int
1|a|variable|int
1|b|variable|int
2|result|variable|int
0|main|function|function () returning int
2|x|variable|int
