0|main|function|function () returning int
2|a|variable|array of 3 x int
2|p|variable|pointer to int
